../Core/Src/stm32h5xx_hal_msp.c:67:6:HAL_MspInit	0	static
../Core/Src/stm32h5xx_hal_msp.c:87:6:HAL_ADC_MspInit	176	static
../Core/Src/stm32h5xx_hal_msp.c:133:6:HAL_ADC_MspDeInit	0	static
../Core/Src/stm32h5xx_hal_msp.c:162:6:HAL_DAC_MspInit	152	static
../Core/Src/stm32h5xx_hal_msp.c:253:6:HAL_DAC_MspDeInit	8	static
../Core/Src/stm32h5xx_hal_msp.c:283:6:HAL_TIM_Base_MspInit	8	static
../Core/Src/stm32h5xx_hal_msp.c:306:6:HAL_TIM_Base_MspDeInit	0	static
../Core/Src/stm32h5xx_hal_msp.c:328:6:HAL_UART_MspInit	184	static
../Core/Src/stm32h5xx_hal_msp.c:387:6:HAL_UART_MspDeInit	8	static
